// Jest Snapshot v1, https://goo.gl/fbAQLP

exports[`floorview testing snapshot testing for LayoutFloorView 1`] = `
<DocumentFragment>
  <div>
    <span
      class="light-text"
    >
      Please add people for whom you want to book a
      <span
        class="mx-2 font-weight-700 text-lowercase"
      />
      on 
      <span
        class="font-weight-700"
      >
        Floor #10
      </span>
    </span>
    <div
      class="mb-4 mt-2 row"
    >
      <div
        class="col-sm-8 col-md-8 col-lg-8"
      >
        <select
          data-testid="select"
        >
          <option>
            Raja
          </option>
          <option>
            Raju
          </option>
        </select>
        <div
          class="text-right mt-3"
        >
          <button
            class="bg-white box-shadow-none text-dark p-1 border-0 btn btn-secondary"
            data-testid="reset"
            id="reset"
            type="button"
          >
            <svg
              aria-hidden="true"
              class="svg-inline--fa fa-sync-alt fa-w-16 fa-2x"
              data-icon="sync-alt"
              data-prefix="fas"
              focusable="false"
              role="img"
              viewBox="0 0 512 512"
              xmlns="http://www.w3.org/2000/svg"
            >
              <path
                d="M370.72 133.28C339.458 104.008 298.888 87.962 255.848 88c-77.458.068-144.328 53.178-162.791 126.85-1.344 5.363-6.122 9.15-11.651 9.15H24.103c-7.498 0-13.194-6.807-11.807-14.176C33.933 94.924 134.813 8 256 8c66.448 0 126.791 26.136 171.315 68.685L463.03 40.97C478.149 25.851 504 36.559 504 57.941V192c0 13.255-10.745 24-24 24H345.941c-21.382 0-32.09-25.851-16.971-40.971l41.75-41.749zM32 296h134.059c21.382 0 32.09 25.851 16.971 40.971l-41.75 41.75c31.262 29.273 71.835 45.319 114.876 45.28 77.418-.07 144.315-53.144 162.787-126.849 1.344-5.363 6.122-9.15 11.651-9.15h57.304c7.498 0 13.194 6.807 11.807 14.176C478.067 417.076 377.187 504 256 504c-66.448 0-126.791-26.136-171.315-68.685L48.97 471.03C33.851 486.149 8 475.441 8 454.059V320c0-13.255 10.745-24 24-24z"
                fill="currentColor"
              />
            </svg>
          </button>
          <button
            class="bg-white box-shadow-none text-dark p-1 border-0 btn btn-secondary"
            data-testid="zoomIn"
            id="zoomIn"
            type="button"
          >
            <svg
              aria-hidden="true"
              class="svg-inline--fa fa-plus-circle fa-w-16 fa-lg fa-2x"
              data-icon="plus-circle"
              data-prefix="fas"
              focusable="false"
              role="img"
              viewBox="0 0 512 512"
              xmlns="http://www.w3.org/2000/svg"
            >
              <path
                d="M256 8C119 8 8 119 8 256s111 248 248 248 248-111 248-248S393 8 256 8zm144 276c0 6.6-5.4 12-12 12h-92v92c0 6.6-5.4 12-12 12h-56c-6.6 0-12-5.4-12-12v-92h-92c-6.6 0-12-5.4-12-12v-56c0-6.6 5.4-12 12-12h92v-92c0-6.6 5.4-12 12-12h56c6.6 0 12 5.4 12 12v92h92c6.6 0 12 5.4 12 12v56z"
                fill="currentColor"
              />
            </svg>
          </button>
          <button
            class="bg-white box-shadow-none text-dark p-1 border-0 btn btn-secondary"
            data-testid="zoomOut"
            id="zoomOut"
            type="button"
          >
            <svg
              aria-hidden="true"
              class="svg-inline--fa fa-minus-circle fa-w-16 fa-lg fa-2x"
              data-icon="minus-circle"
              data-prefix="fas"
              focusable="false"
              role="img"
              viewBox="0 0 512 512"
              xmlns="http://www.w3.org/2000/svg"
            >
              <path
                d="M256 8C119 8 8 119 8 256s111 248 248 248 248-111 248-248S393 8 256 8zM124 296c-6.6 0-12-5.4-12-12v-56c0-6.6 5.4-12 12-12h264c6.6 0 12 5.4 12 12v56c0 6.6-5.4 12-12 12H124z"
                fill="currentColor"
              />
            </svg>
          </button>
        </div>
        <div
          class="mx-2 row"
        >
          <div
            class="col-sm-12 col-md-12  col-lg-12"
            id="containerImage"
          >
            <svg
              class="injected-svg react-draggable"
              id="map-overview"
              style=""
              transform="translate(0,0)"
              viewBox="50 50 840 606"
              xmlns="http://www.w3.org/2000/svg"
            >
              <image
                height="100%"
                href="undefined/web/image/mro.equipment.location/9104/upload_images/9104.svg"
                width="100%"
              />
            </svg>
          </div>
        </div>
      </div>
    </div>
  </div>
</DocumentFragment>
`;
