// Jest Snapshot v1, https://goo.gl/fbAQLP

exports[`login testing login snapshots snapshot testing 1`] = `
<DocumentFragment>
  <div
    class="login"
  >
    <div
      class="m-0 row"
    >
      <div
        class="bg-white p-4 mt-7 opacity-9 col-sm-4 order-sm-1 offset-sm-7 col-md-4 order-md-1 offset-md-7 col-lg-4 order-lg-1 offset-lg-7"
      >
        <div
          class="m-0 row"
        >
          <div
            class="pl-0 col-sm-9 col-md-9 col-lg-9"
          >
            <h2>
              Welcome back!
            </h2>
            <span
              class="light-text"
            >
              Please sign in to your account.
            </span>
          </div>
          <div
            class="col-sm-3 col-md-3 col-lg-3"
          >
            <img
              alt="Helixsense Portal"
              class="float-right"
              src="test-file-stub"
              width="80"
            />
          </div>
        </div>
        <form
          class="mt-3"
          novalidate=""
        >
          <div
            class="form-group"
          >
            <label
              class=""
              for="exampleUsername"
            >
              Username
            </label>
            <input
              class="border-radius-50px form-control"
              id="username"
              name="username"
              placeholder="Username"
              type="username"
              value=""
            />
          </div>
          <div
            class="form-group"
          >
            <label
              class=""
              for="examplePassword"
            >
              Password
            </label>
            <input
              class="border-radius-50px form-control"
              id="password"
              name="password"
              placeholder="Password"
              type="password"
              value=""
            />
          </div>
          <button
            class="roundCorners p-login btn btn-secondary"
            type="submit"
          >
            <span
              class="ml-2"
            />
            LOGIN
          </button>
          <button
            class="roundCorners p-login float-right btn btn-secondary"
            type="button"
          >
            REGISTER
          </button>
          <div
            class="mt-2"
          >
            <button
              class="cursor-pointer btn btn-link"
              type="button"
            >
              Forgot Password?
            </button>
          </div>
        </form>
      </div>
    </div>
  </div>
</DocumentFragment>
`;
