// Jest Snapshot v1, https://goo.gl/fbAQLP

exports[`Assets testing Assets snapshots Assets testing 1`] = `
<DocumentFragment>
  <div
    class="ml-1 mr-1 mt-2 mb-2 p-3 border row"
  >
    <div
      class="col-12 col-sm-12 col-md-12 col-lg-12"
    >
      <div
        class="row"
      >
        <div
          class="col-12 col-sm-6 col-md-6 col-lg-3"
        >
          <h3
            class="mt-1"
          >
            <svg
              aria-hidden="true"
              class="svg-inline--fa fa-pencil-alt fa-w-16 fa-sm mr-2"
              color="deepskyblue"
              data-icon="pencil-alt"
              data-prefix="fas"
              focusable="false"
              role="img"
              viewBox="0 0 512 512"
              xmlns="http://www.w3.org/2000/svg"
            >
              <path
                d="M497.9 142.1l-46.1 46.1c-4.7 4.7-12.3 4.7-17 0l-111-111c-4.7-4.7-4.7-12.3 0-17l46.1-46.1c18.7-18.7 49.1-18.7 67.9 0l60.1 60.1c18.8 18.7 18.8 49.1 0 67.9zM284.2 99.8L21.6 362.4.4 483.9c-2.9 16.4 11.4 30.6 27.8 27.8l121.5-21.3 262.6-262.6c4.7-4.7 4.7-12.3 0-17l-111-111c-4.8-4.7-12.4-4.7-17.1 0zM124.1 339.9c-5.5-5.5-5.5-14.3 0-19.8l154-154c5.5-5.5 14.3-5.5 19.8 0s5.5 14.3 0 19.8l-154 154c-5.5 5.5-14.3 5.5-19.8 0zM88 424h48v36.3l-64.5 11.3-31.1-31.1L51.7 376H88v48z"
                fill="currentColor"
              />
            </svg>
            Asset Registry
          </h3>
        </div>
        <div
          class="col-12 col-sm-6 col-md-6 col-lg-9"
        >
          <ul
            class="nav"
          >
            <li
              class="nav-item"
            >
              <a
                class="navbar-link p-1 mr-4 nav-link"
                href="/asset-overview"
              >
                <svg
                  aria-hidden="true"
                  class="svg-inline--fa fa-search fa-w-16 fa-sm mr-2"
                  data-icon="search"
                  data-prefix="fas"
                  focusable="false"
                  role="img"
                  viewBox="0 0 512 512"
                  xmlns="http://www.w3.org/2000/svg"
                >
                  <path
                    d="M505 442.7L405.3 343c-4.5-4.5-10.6-7-17-7H372c27.6-35.3 44-79.7 44-128C416 93.1 322.9 0 208 0S0 93.1 0 208s93.1 208 208 208c48.3 0 92.7-16.4 128-44v16.3c0 6.4 2.5 12.5 7 17l99.7 99.7c9.4 9.4 24.6 9.4 33.9 0l28.3-28.3c9.4-9.4 9.4-24.6.1-34zM208 336c-70.7 0-128-57.2-128-128 0-70.7 57.2-128 128-128 70.7 0 128 57.2 128 128 0 70.7-57.2 128-128 128z"
                    fill="currentColor"
                  />
                </svg>
                Insights
              </a>
            </li>
            <li
              class="nav-item"
            >
              <a
                class="navbar-link p-1 mr-4 nav-link"
                href="/assets/locations"
              >
                <svg
                  aria-hidden="true"
                  class="svg-inline--fa fa-map-marker-alt fa-w-12 fa-sm mr-2"
                  data-icon="map-marker-alt"
                  data-prefix="fas"
                  focusable="false"
                  role="img"
                  viewBox="0 0 384 512"
                  xmlns="http://www.w3.org/2000/svg"
                >
                  <path
                    d="M172.268 501.67C26.97 291.031 0 269.413 0 192 0 85.961 85.961 0 192 0s192 85.961 192 192c0 77.413-26.97 99.031-172.268 309.67-9.535 13.774-29.93 13.773-39.464 0zM192 272c44.183 0 80-35.817 80-80s-35.817-80-80-80-80 35.817-80 80 35.817 80 80 80z"
                    fill="currentColor"
                  />
                </svg>
                Locations
              </a>
            </li>
            <li
              class="nav-item"
            >
              <a
                class="navbar-link active p-1 mr-4 nav-link"
                href="/assets/equipments"
              >
                <svg
                  aria-hidden="true"
                  class="svg-inline--fa fa-money-check-alt fa-w-20 fa-sm mr-2"
                  data-icon="money-check-alt"
                  data-prefix="fas"
                  focusable="false"
                  role="img"
                  viewBox="0 0 640 512"
                  xmlns="http://www.w3.org/2000/svg"
                >
                  <path
                    d="M608 32H32C14.33 32 0 46.33 0 64v384c0 17.67 14.33 32 32 32h576c17.67 0 32-14.33 32-32V64c0-17.67-14.33-32-32-32zM176 327.88V344c0 4.42-3.58 8-8 8h-16c-4.42 0-8-3.58-8-8v-16.29c-11.29-.58-22.27-4.52-31.37-11.35-3.9-2.93-4.1-8.77-.57-12.14l11.75-11.21c2.77-2.64 6.89-2.76 10.13-.73 3.87 2.42 8.26 3.72 12.82 3.72h28.11c6.5 0 11.8-5.92 11.8-13.19 0-5.95-3.61-11.19-8.77-12.73l-45-13.5c-18.59-5.58-31.58-23.42-31.58-43.39 0-24.52 19.05-44.44 42.67-45.07V152c0-4.42 3.58-8 8-8h16c4.42 0 8 3.58 8 8v16.29c11.29.58 22.27 4.51 31.37 11.35 3.9 2.93 4.1 8.77.57 12.14l-11.75 11.21c-2.77 2.64-6.89 2.76-10.13.73-3.87-2.43-8.26-3.72-12.82-3.72h-28.11c-6.5 0-11.8 5.92-11.8 13.19 0 5.95 3.61 11.19 8.77 12.73l45 13.5c18.59 5.58 31.58 23.42 31.58 43.39 0 24.53-19.05 44.44-42.67 45.07zM416 312c0 4.42-3.58 8-8 8H296c-4.42 0-8-3.58-8-8v-16c0-4.42 3.58-8 8-8h112c4.42 0 8 3.58 8 8v16zm160 0c0 4.42-3.58 8-8 8h-80c-4.42 0-8-3.58-8-8v-16c0-4.42 3.58-8 8-8h80c4.42 0 8 3.58 8 8v16zm0-96c0 4.42-3.58 8-8 8H296c-4.42 0-8-3.58-8-8v-16c0-4.42 3.58-8 8-8h272c4.42 0 8 3.58 8 8v16z"
                    fill="currentColor"
                  />
                </svg>
                Assets
              </a>
            </li>
          </ul>
        </div>
      </div>
      <div
        class="pt-4 row"
      >
        <div
          class="col-12 col-sm-3 col-md-3 col-lg-3"
        >
          <div
            class="p-1 bg-lightblue sfilterarrow card"
          >
            <div
              class="mt-2 ml-2 mb-1 mr-2 card-title"
            >
              <h4>
                Assets Inventory
              </h4>
              <hr
                class="m-0 border-secondary-color-1px"
              />
            </div>
            <div
              class="pl-1 p-0 mt-2 h-100 position-relative scrollable-list thin-scrollbar card-body"
            >
              <div
                class="m-0 row"
              >
                <div
                  class="p-0 col-8 col-sm-8 col-md-8 col-lg-8"
                >
                  <p
                    class="m-0 font-weight-800 collapse-heading"
                  >
                    BY  STATUS
                  </p>
                </div>
                <div
                  class="text-right p-0 col-4 col-sm-4 col-md-4 col-lg-4"
                >
                  <svg
                    aria-hidden="true"
                    class="svg-inline--fa fa-chevron-up fa-w-14 fa-sm mr-2 cursor-pointer"
                    data-icon="chevron-up"
                    data-prefix="fas"
                    focusable="false"
                    role="img"
                    viewBox="0 0 448 512"
                    xmlns="http://www.w3.org/2000/svg"
                  >
                    <path
                      d="M240.971 130.524l194.343 194.343c9.373 9.373 9.373 24.569 0 33.941l-22.667 22.667c-9.357 9.357-24.522 9.375-33.901.04L224 227.495 69.255 381.516c-9.379 9.335-24.544 9.317-33.901-.04l-22.667-22.667c-9.373-9.373-9.373-24.569 0-33.941L207.03 130.525c9.372-9.373 24.568-9.373 33.941-.001z"
                      fill="currentColor"
                    />
                  </svg>
                </div>
              </div>
              <div
                class="collapse show"
              >
                <div
                  class="pl-2"
                >
                  <span
                    class="mb-1 d-block font-weight-500"
                  >
                    <div
                      class="checkbox"
                    >
                      <input
                        class="form-check-input"
                        id="checkboxasaction0"
                        name="Maintenance"
                        type="checkbox"
                        value="mn"
                      />
                      <label
                        class=""
                        for="checkboxasaction0"
                      >
                        <span>
                          Maintenance
                        </span>
                      </label>
                       
                    </div>
                  </span>
                  <span
                    class="mb-1 d-block font-weight-500"
                  >
                    <div
                      class="checkbox"
                    >
                      <input
                        class="form-check-input"
                        id="checkboxasaction1"
                        name="Operative"
                        type="checkbox"
                        value="op"
                      />
                      <label
                        class=""
                        for="checkboxasaction1"
                      >
                        <span>
                          Operative
                        </span>
                      </label>
                       
                    </div>
                  </span>
                  <span
                    class="mb-1 d-block font-weight-500"
                  >
                    <div
                      class="checkbox"
                    >
                      <input
                        class="form-check-input"
                        id="checkboxasaction2"
                        name="Breakdown"
                        type="checkbox"
                        value="br"
                      />
                      <label
                        class=""
                        for="checkboxasaction2"
                      >
                        <span>
                          Breakdown
                        </span>
                      </label>
                       
                    </div>
                  </span>
                  <span
                    class="mb-1 d-block font-weight-500"
                  >
                    <div
                      class="checkbox"
                    >
                      <input
                        class="form-check-input"
                        id="checkboxasaction3"
                        name="Warehouse"
                        type="checkbox"
                        value="wh"
                      />
                      <label
                        class=""
                        for="checkboxasaction3"
                      >
                        <span>
                          Warehouse
                        </span>
                      </label>
                       
                    </div>
                  </span>
                  <span
                    class="mb-1 d-block font-weight-500"
                  >
                    <div
                      class="checkbox"
                    >
                      <input
                        class="form-check-input"
                        id="checkboxasaction4"
                        name="Scrapped"
                        type="checkbox"
                        value="sc"
                      />
                      <label
                        class=""
                        for="checkboxasaction4"
                      >
                        <span>
                          Scrapped
                        </span>
                      </label>
                       
                    </div>
                  </span>
                </div>
              </div>
              <hr
                class="mt-2"
              />
              <div
                class="m-0 row"
              >
                <div
                  class="p-0 col-8 col-sm-8 col-md-8 col-lg-8"
                >
                  <p
                    class="m-0 font-weight-800 collapse-heading"
                  >
                    BY  CATEGORY
                  </p>
                </div>
                <div
                  class="text-right p-0 col-4 col-sm-4 col-md-4 col-lg-4"
                >
                  <svg
                    aria-hidden="true"
                    class="svg-inline--fa fa-chevron-down fa-w-14 fa-sm mr-2 cursor-pointer"
                    data-icon="chevron-down"
                    data-prefix="fas"
                    focusable="false"
                    role="img"
                    viewBox="0 0 448 512"
                    xmlns="http://www.w3.org/2000/svg"
                  >
                    <path
                      d="M207.029 381.476L12.686 187.132c-9.373-9.373-9.373-24.569 0-33.941l22.667-22.667c9.357-9.357 24.522-9.375 33.901-.04L224 284.505l154.745-154.021c9.379-9.335 24.544-9.317 33.901.04l22.667 22.667c9.373 9.373 9.373 24.569 0 33.941L240.971 381.476c-9.373 9.372-24.569 9.372-33.942 0z"
                      fill="currentColor"
                    />
                  </svg>
                </div>
              </div>
              <div
                class="collapse"
              >
                <div
                  class="pl-2"
                />
              </div>
              <hr
                class="mt-2"
              />
            </div>
          </div>
        </div>
        <div
          class="col-12 col-sm-9 col-md-9 col-lg-9"
        >
          <div
            class="p-2 mb-2 bg-lightblue card"
          >
            <div
              class="bg-color-white p-1 m-0 card-body"
            >
              <div
                class="p-2 row"
              >
                <div
                  class="col-12 col-sm-8 col-md-8 col-lg-8"
                >
                  <div
                    class="content-inline"
                  >
                    <span
                      class="p-0 mr-2 font-weight-800 font-medium"
                    >
                      Assets List :0
                    </span>
                  </div>
                </div>
                <div
                  class="col-12 col-sm-4 col-md-4 col-lg-4"
                >
                  <div
                    class="float-right"
                  >
                    <svg
                      aria-hidden="true"
                      class="svg-inline--fa fa-calendar-alt fa-w-14 fa-sm cursor-pointer mr-2"
                      data-icon="calendar-alt"
                      data-prefix="fas"
                      focusable="false"
                      id="DateFilters"
                      role="img"
                      viewBox="0 0 448 512"
                      xmlns="http://www.w3.org/2000/svg"
                    >
                      <path
                        d="M0 464c0 26.5 21.5 48 48 48h352c26.5 0 48-21.5 48-48V192H0v272zm320-196c0-6.6 5.4-12 12-12h40c6.6 0 12 5.4 12 12v40c0 6.6-5.4 12-12 12h-40c-6.6 0-12-5.4-12-12v-40zm0 128c0-6.6 5.4-12 12-12h40c6.6 0 12 5.4 12 12v40c0 6.6-5.4 12-12 12h-40c-6.6 0-12-5.4-12-12v-40zM192 268c0-6.6 5.4-12 12-12h40c6.6 0 12 5.4 12 12v40c0 6.6-5.4 12-12 12h-40c-6.6 0-12-5.4-12-12v-40zm0 128c0-6.6 5.4-12 12-12h40c6.6 0 12 5.4 12 12v40c0 6.6-5.4 12-12 12h-40c-6.6 0-12-5.4-12-12v-40zM64 268c0-6.6 5.4-12 12-12h40c6.6 0 12 5.4 12 12v40c0 6.6-5.4 12-12 12H76c-6.6 0-12-5.4-12-12v-40zm0 128c0-6.6 5.4-12 12-12h40c6.6 0 12 5.4 12 12v40c0 6.6-5.4 12-12 12H76c-6.6 0-12-5.4-12-12v-40zM400 64h-48V16c0-8.8-7.2-16-16-16h-32c-8.8 0-16 7.2-16 16v48H160V16c0-8.8-7.2-16-16-16h-32c-8.8 0-16 7.2-16 16v48H48C21.5 64 0 85.5 0 112v48h448v-48c0-26.5-21.5-48-48-48z"
                        fill="currentColor"
                      />
                    </svg>
                    <svg
                      aria-hidden="true"
                      class="svg-inline--fa fa-file fa-w-12 fa-sm cursor-pointer mr-2"
                      data-icon="file"
                      data-prefix="fas"
                      focusable="false"
                      id="Export"
                      role="img"
                      viewBox="0 0 384 512"
                      xmlns="http://www.w3.org/2000/svg"
                    >
                      <path
                        d="M224 136V0H24C10.7 0 0 10.7 0 24v464c0 13.3 10.7 24 24 24h336c13.3 0 24-10.7 24-24V160H248c-13.2 0-24-10.8-24-24zm160-14.1v6.1H256V0h6.1c6.4 0 12.5 2.5 17 7l97.9 98c4.5 4.5 7 10.6 7 16.9z"
                        fill="currentColor"
                      />
                    </svg>
                    <svg
                      aria-hidden="true"
                      class="svg-inline--fa fa-plus-circle fa-w-16 fa-sm cursor-pointer mr-2"
                      data-icon="plus-circle"
                      data-prefix="fas"
                      focusable="false"
                      id="Add"
                      role="img"
                      viewBox="0 0 512 512"
                      xmlns="http://www.w3.org/2000/svg"
                    >
                      <path
                        d="M256 8C119 8 8 119 8 256s111 248 248 248 248-111 248-248S393 8 256 8zm144 276c0 6.6-5.4 12-12 12h-92v92c0 6.6-5.4 12-12 12h-56c-6.6 0-12-5.4-12-12v-92h-92c-6.6 0-12-5.4-12-12v-56c0-6.6 5.4-12 12-12h92v-92c0-6.6 5.4-12 12-12h56c6.6 0 12 5.4 12 12v92h92c6.6 0 12 5.4 12 12v56z"
                        fill="currentColor"
                      />
                    </svg>
                    <svg
                      aria-hidden="true"
                      class="svg-inline--fa fa-list-alt fa-w-16 fa-sm cursor-pointer mr-2"
                      data-icon="list-alt"
                      data-prefix="fas"
                      focusable="false"
                      id="Columns"
                      role="img"
                      viewBox="0 0 512 512"
                      xmlns="http://www.w3.org/2000/svg"
                    >
                      <path
                        d="M464 480H48c-26.51 0-48-21.49-48-48V80c0-26.51 21.49-48 48-48h416c26.51 0 48 21.49 48 48v352c0 26.51-21.49 48-48 48zM128 120c-22.091 0-40 17.909-40 40s17.909 40 40 40 40-17.909 40-40-17.909-40-40-40zm0 96c-22.091 0-40 17.909-40 40s17.909 40 40 40 40-17.909 40-40-17.909-40-40-40zm0 96c-22.091 0-40 17.909-40 40s17.909 40 40 40 40-17.909 40-40-17.909-40-40-40zm288-136v-32c0-6.627-5.373-12-12-12H204c-6.627 0-12 5.373-12 12v32c0 6.627 5.373 12 12 12h200c6.627 0 12-5.373 12-12zm0 96v-32c0-6.627-5.373-12-12-12H204c-6.627 0-12 5.373-12 12v32c0 6.627 5.373 12 12 12h200c6.627 0 12-5.373 12-12zm0 96v-32c0-6.627-5.373-12-12-12H204c-6.627 0-12 5.373-12 12v32c0 6.627 5.373 12 12 12h200c6.627 0 12-5.373 12-12z"
                        fill="currentColor"
                      />
                    </svg>
                    <svg
                      aria-hidden="true"
                      class="svg-inline--fa fa-upload fa-w-16 fa-sm cursor-pointer mr-2"
                      data-icon="upload"
                      data-prefix="fas"
                      focusable="false"
                      id="Upload"
                      role="img"
                      viewBox="0 0 512 512"
                      xmlns="http://www.w3.org/2000/svg"
                    >
                      <path
                        d="M296 384h-80c-13.3 0-24-10.7-24-24V192h-87.7c-17.8 0-26.7-21.5-14.1-34.1L242.3 5.7c7.5-7.5 19.8-7.5 27.3 0l152.2 152.2c12.6 12.6 3.7 34.1-14.1 34.1H320v168c0 13.3-10.7 24-24 24zm216-8v112c0 13.3-10.7 24-24 24H24c-13.3 0-24-10.7-24-24V376c0-13.3 10.7-24 24-24h136v8c0 30.9 25.1 56 56 56h80c30.9 0 56-25.1 56-56v-8h136c13.3 0 24 10.7 24 24zm-124 88c0-11-9-20-20-20s-20 9-20 20 9 20 20 20 20-9 20-20zm64 0c0-11-9-20-20-20s-20 9-20 20 9 20 20 20 20-9 20-20z"
                        fill="currentColor"
                      />
                    </svg>
                    <svg
                      aria-hidden="true"
                      class="svg-inline--fa fa-search fa-w-16 fa-sm cursor-pointer mr-2"
                      data-icon="search"
                      data-prefix="fas"
                      focusable="false"
                      id="Filters"
                      role="img"
                      viewBox="0 0 512 512"
                      xmlns="http://www.w3.org/2000/svg"
                    >
                      <path
                        d="M505 442.7L405.3 343c-4.5-4.5-10.6-7-17-7H372c27.6-35.3 44-79.7 44-128C416 93.1 322.9 0 208 0S0 93.1 0 208s93.1 208 208 208c48.3 0 92.7-16.4 128-44v16.3c0 6.4 2.5 12.5 7 17l99.7 99.7c9.4 9.4 24.6 9.4 33.9 0l28.3-28.3c9.4-9.4 9.4-24.6.1-34zM208 336c-70.7 0-128-57.2-128-128 0-70.7 57.2-128 128-128 70.7 0 128 57.2 128 128 0 70.7-57.2 128-128 128z"
                        fill="currentColor"
                      />
                    </svg>
                  </div>
                </div>
              </div>
              <div
                class="h-100 table-scrollable thin-scrollbar"
              >
                <table
                  class="table"
                >
                  <thead
                    class="bg-gray-light"
                  >
                    <tr>
                      <th>
                        <div
                          class="checkbox"
                        >
                          <input
                            class="ml-0 form-check-input"
                            id="checkboxeqhead"
                            name="checkall"
                            type="checkbox"
                            value="all"
                          />
                          <label
                            class=""
                            for="checkboxeqhead"
                          />
                        </div>
                      </th>
                      <th>
                        <span
                          aria-hidden="true"
                          class="sort-by cursor-pointer"
                        >
                          Name
                        </span>
                      </th>
                      <th>
                        <span
                          aria-hidden="true"
                          class="sort-by cursor-pointer"
                        >
                          Category
                        </span>
                      </th>
                      <th>
                        <span
                          aria-hidden="true"
                          class="sort-by cursor-pointer"
                        >
                          State
                        </span>
                      </th>
                      <th>
                        <span
                          aria-hidden="true"
                          class="sort-by cursor-pointer"
                        >
                          Space
                        </span>
                      </th>
                      <th>
                        <span
                          aria-hidden="true"
                          class="sort-by cursor-pointer"
                        >
                          Maintenance Team
                        </span>
                      </th>
                    </tr>
                  </thead>
                  <tbody />
                </table>
                <div
                  class="makeStyles-root-1 float-right"
                >
                  <nav
                    aria-label="pagination navigation"
                    class="MuiPagination-root"
                  >
                    <ul
                      class="MuiPagination-ul"
                    >
                      <li>
                        <button
                          aria-label="Go to first page"
                          class="MuiButtonBase-root MuiPaginationItem-root MuiPaginationItem-page MuiPaginationItem-textPrimary Mui-disabled MuiPaginationItem-sizeSmall Mui-disabled"
                          disabled=""
                          tabindex="-1"
                          type="button"
                        >
                          <svg
                            aria-hidden="true"
                            class="MuiSvgIcon-root MuiPaginationItem-icon"
                            focusable="false"
                            viewBox="0 0 24 24"
                          >
                            <path
                              d="M18.41 16.59L13.82 12l4.59-4.59L17 6l-6 6 6 6zM6 6h2v12H6z"
                            />
                          </svg>
                        </button>
                      </li>
                      <li>
                        <button
                          aria-label="Go to previous page"
                          class="MuiButtonBase-root MuiPaginationItem-root MuiPaginationItem-page MuiPaginationItem-textPrimary Mui-disabled MuiPaginationItem-sizeSmall Mui-disabled"
                          disabled=""
                          tabindex="-1"
                          type="button"
                        >
                          <svg
                            aria-hidden="true"
                            class="MuiSvgIcon-root MuiPaginationItem-icon"
                            focusable="false"
                            viewBox="0 0 24 24"
                          >
                            <path
                              d="M15.41 7.41L14 6l-6 6 6 6 1.41-1.41L10.83 12z"
                            />
                          </svg>
                        </button>
                      </li>
                      <li>
                        <button
                          aria-label="Go to next page"
                          class="MuiButtonBase-root MuiPaginationItem-root MuiPaginationItem-page MuiPaginationItem-textPrimary Mui-disabled MuiPaginationItem-sizeSmall Mui-disabled"
                          disabled=""
                          tabindex="-1"
                          type="button"
                        >
                          <svg
                            aria-hidden="true"
                            class="MuiSvgIcon-root MuiPaginationItem-icon"
                            focusable="false"
                            viewBox="0 0 24 24"
                          >
                            <path
                              d="M10 6L8.59 7.41 13.17 12l-4.58 4.59L10 18l6-6z"
                            />
                          </svg>
                        </button>
                      </li>
                      <li>
                        <button
                          aria-label="Go to last page"
                          class="MuiButtonBase-root MuiPaginationItem-root MuiPaginationItem-page MuiPaginationItem-textPrimary Mui-disabled MuiPaginationItem-sizeSmall Mui-disabled"
                          disabled=""
                          tabindex="-1"
                          type="button"
                        >
                          <svg
                            aria-hidden="true"
                            class="MuiSvgIcon-root MuiPaginationItem-icon"
                            focusable="false"
                            viewBox="0 0 24 24"
                          >
                            <path
                              d="M5.59 7.41L10.18 12l-4.59 4.59L7 18l6-6-6-6zM16 6h2v12h-2z"
                            />
                          </svg>
                        </button>
                      </li>
                    </ul>
                  </nav>
                </div>
              </div>
            </div>
          </div>
        </div>
      </div>
    </div>
  </div>
</DocumentFragment>
`;
