// Jest Snapshot v1, https://goo.gl/fbAQLP

exports[`resetPassword testing snapshot testing 1`] = `
<DocumentFragment>
  <div
    class="login"
  >
    <div
      class="m-0 row"
    >
      <div
        class="bg-white p-4 mt-7 opacity-9 col-sm-4 offset-sm-7"
      >
        <div
          class="m-0 row"
        >
          <div
            class="pl-0 col-sm-9"
          >
            <h3>
              Reset Password
            </h3>
            <span
              class="light-text"
            >
              please reset your password
            </span>
          </div>
          <div
            class="col-sm-3"
          >
            <img
              alt="Helixsense Portal"
              class="float-right"
              src="[object Object]"
              width="80"
            />
          </div>
        </div>
        <div
          class="pl-2"
        >
          <div
            class="mt-3 mb-3 row"
          >
            <div
              class="col-sm-11 order-sm-7 offset-sm-5"
            >
              <div
                class="spinner-border-lg spinner-border text-dark"
                role="status"
              >
                <span
                  class="sr-only"
                >
                  Loading...
                </span>
              </div>
              <h3>
                Loading
              </h3>
            </div>
          </div>
          <div
            class="col-sm-11 order-sm-11 offset-sm-1"
          />
        </div>
      </div>
    </div>
  </div>
</DocumentFragment>
`;
